// Jest Snapshot v1, https://goo.gl/fbAQLP

exports[`<App /> renders correctly 1`] = `
<View
  style={
    Object {
      "flex": 1,
    }
  }
>
  <RNCSafeAreaProvider
    onInsetsChange={[Function]}
    style={
      Array [
        Object {
          "flex": 1,
        },
        undefined,
      ]
    }
  >
    <View
      style={
        Array [
          Object {
            "backgroundColor": "rgb(242, 242, 242)",
            "flex": 1,
          },
          undefined,
        ]
      }
    >
      <View
        pointerEvents="box-none"
        style={
          Object {
            "zIndex": 1,
          }
        }
      />
      <RNSScreenContainer
        onLayout={[Function]}
        style={
          Object {
            "flex": 1,
          }
        }
      >
        <RNSScreen
          activityState={2}
          forwardedRef={[Function]}
          pointerEvents="box-none"
          style={
            Object {
              "bottom": 0,
              "left": 0,
              "position": "absolute",
              "right": 0,
              "top": 0,
            }
          }
        >
          <View
            collapsable={false}
            style={
              Object {
                "opacity": 1,
              }
            }
          />
          <View
            accessibilityElementsHidden={false}
            closing={false}
            gestureVelocityImpact={0.3}
            importantForAccessibility="auto"
            onClose={[Function]}
            onGestureBegin={[Function]}
            onGestureCanceled={[Function]}
            onGestureEnd={[Function]}
            onOpen={[Function]}
            onTransition={[Function]}
            pointerEvents="box-none"
            style={
              Array [
                Object {
                  "display": "flex",
                  "overflow": undefined,
                },
                Object {
                  "bottom": 0,
                  "left": 0,
                  "position": "absolute",
                  "right": 0,
                  "top": 0,
                },
              ]
            }
            transitionSpec={
              Object {
                "close": Object {
                  "animation": "spring",
                  "config": Object {
                    "damping": 500,
                    "mass": 3,
                    "overshootClamping": true,
                    "restDisplacementThreshold": 10,
                    "restSpeedThreshold": 10,
                    "stiffness": 1000,
                  },
                },
                "open": Object {
                  "animation": "spring",
                  "config": Object {
                    "damping": 500,
                    "mass": 3,
                    "overshootClamping": true,
                    "restDisplacementThreshold": 10,
                    "restSpeedThreshold": 10,
                    "stiffness": 1000,
                  },
                },
              }
            }
          >
            <View
              pointerEvents="box-none"
              style={
                Object {
                  "flex": 1,
                }
              }
            >
              <View
                collapsable={false}
                forwardedRef={[Function]}
                needsOffscreenAlphaCompositing={false}
                onGestureHandlerEvent={[Function]}
                onGestureHandlerStateChange={[Function]}
                style={
                  Object {
                    "flex": 1,
                    "transform": Array [
                      Object {
                        "translateX": 0,
                      },
                      Object {
                        "translateX": 0,
                      },
                    ],
                  }
                }
              >
                <View
                  style={
                    Array [
                      Object {
                        "flex": 1,
                        "overflow": "hidden",
                      },
                      Array [
                        Object {
                          "backgroundColor": "rgb(242, 242, 242)",
                        },
                        undefined,
                      ],
                    ]
                  }
                >
                  <View
                    style={
                      Object {
                        "flex": 1,
                        "flexDirection": "column-reverse",
                      }
                    }
                  >
                    <View
                      style={
                        Object {
                          "flex": 1,
                        }
                      }
                    >
                      <RCTSafeAreaView
                        emulateUnlessSupported={true}
                        style={
                          Object {
                            "alignItems": "center",
                            "backgroundColor": "#f7f1d5",
                            "flex": 1,
                            "height": 1334,
                            "justifyContent": "center",
                            "marginBottom": 30,
                            "marginTop": 30,
                            "padding": 20,
                          }
                        }
                      >
                        <View
                          style={
                            Object {
                              "alignItems": "center",
                              "flex": 1,
                              "flexDirection": "row",
                              "justifyContent": "center",
                            }
                          }
                        >
                          <RCTScrollView>
                            <View>
                              <View>
                                <Text
                                  style={
                                    Object {
                                      "alignSelf": "center",
                                      "color": "black",
                                      "fontSize": 20,
                                      "fontWeight": "bold",
                                      "padding": 10,
                                    }
                                  }
                                >
                                  LOG IN STUDENT
                                </Text>
                              </View>
                              <View
                                style={
                                  Object {
                                    "backgroundColor": "white",
                                    "borderColor": "grey",
                                    "borderRadius": 8,
                                    "borderWidth": 1,
                                    "marginBottom": 20,
                                    "padding": 20,
                                  }
                                }
                              >
                                <TextInput
                                  allowFontScaling={true}
                                  defaultValue=""
                                  onChangeText={[Function]}
                                  placeholder="E-mail"
                                  rejectResponderTermination={true}
                                  style={
                                    Array [
                                      Object {
                                        "height": 40,
                                      },
                                      Object {
                                        "borderRadius": 8,
                                        "borderWidth": 1,
                                        "margin": 12,
                                        "padding": 10,
                                      },
                                    ]
                                  }
                                  underlineColorAndroid="transparent"
                                  value=""
                                />
                                <TextInput
                                  allowFontScaling={true}
                                  defaultValue=""
                                  onChangeText={[Function]}
                                  password="true"
                                  placeholder="Password"
                                  rejectResponderTermination={true}
                                  secureTextEntry={true}
                                  style={
                                    Array [
                                      Object {
                                        "height": 40,
                                      },
                                      Object {
                                        "borderRadius": 8,
                                        "borderWidth": 1,
                                        "margin": 12,
                                        "padding": 10,
                                      },
                                    ]
                                  }
                                  underlineColorAndroid="transparent"
                                  value=""
                                />
                                <View
                                  accessible={true}
                                  collapsable={false}
                                  focusable={true}
                                  onBlur={[Function]}
                                  onClick={[Function]}
                                  onFocus={[Function]}
                                  onResponderGrant={[Function]}
                                  onResponderMove={[Function]}
                                  onResponderRelease={[Function]}
                                  onResponderTerminate={[Function]}
                                  onResponderTerminationRequest={[Function]}
                                  onStartShouldSetResponder={[Function]}
                                  style={
                                    Object {
                                      "alignSelf": "flex-end",
                                      "backgroundColor": "white",
                                      "paddingRight": 20,
                                    }
                                  }
                                >
                                  <Text
                                    style={
                                      Object {
                                        "color": "blue",
                                        "fontSize": 14,
                                      }
                                    }
                                  >
                                    SIGNUP AS STUDENT
                                  </Text>
                                </View>
                                <View
                                  accessible={true}
                                  collapsable={false}
                                  focusable={true}
                                  onBlur={[Function]}
                                  onClick={[Function]}
                                  onFocus={[Function]}
                                  onResponderGrant={[Function]}
                                  onResponderMove={[Function]}
                                  onResponderRelease={[Function]}
                                  onResponderTerminate={[Function]}
                                  onResponderTerminationRequest={[Function]}
                                  onStartShouldSetResponder={[Function]}
                                  style={
                                    Array [
                                      Object {
                                        "backgroundColor": "#007bff",
                                      },
                                      Object {
                                        "alignItems": "center",
                                        "alignSelf": "center",
                                        "borderRadius": 8,
                                        "elevation": 3,
                                        "justifyContent": "center",
                                        "marginTop": 15,
                                        "paddingHorizontal": 32,
                                        "paddingVertical": 12,
                                      },
                                    ]
                                  }
                                >
                                  <Text
                                    style={
                                      Array [
                                        Object {
                                          "color": "white",
                                        },
                                        Object {
                                          "fontSize": 16,
                                          "letterSpacing": 0.25,
                                          "lineHeight": 21,
                                        },
                                      ]
                                    }
                                  >
                                    LOGIN
                                  </Text>
                                </View>
                              </View>
                              <View>
                                <View
                                  accessible={true}
                                  collapsable={false}
                                  focusable={true}
                                  onBlur={[Function]}
                                  onClick={[Function]}
                                  onFocus={[Function]}
                                  onResponderGrant={[Function]}
                                  onResponderMove={[Function]}
                                  onResponderRelease={[Function]}
                                  onResponderTerminate={[Function]}
                                  onResponderTerminationRequest={[Function]}
                                  onStartShouldSetResponder={[Function]}
                                  style={
                                    Array [
                                      Object {
                                        "backgroundColor": "#8200d6",
                                        "width": "100%",
                                      },
                                      Object {
                                        "alignItems": "center",
                                        "alignSelf": "center",
                                        "borderRadius": 8,
                                        "elevation": 3,
                                        "justifyContent": "center",
                                        "marginTop": 15,
                                        "paddingHorizontal": 32,
                                        "paddingVertical": 12,
                                      },
                                    ]
                                  }
                                >
                                  <Text
                                    style={
                                      Array [
                                        Object {
                                          "color": "white",
                                        },
                                        Object {
                                          "fontSize": 16,
                                          "letterSpacing": 0.25,
                                          "lineHeight": 21,
                                        },
                                      ]
                                    }
                                  >
                                    Not a Student?
                                  </Text>
                                  <Text
                                    style={
                                      Array [
                                        Object {
                                          "color": "white",
                                        },
                                        Object {
                                          "fontSize": 16,
                                          "letterSpacing": 0.25,
                                          "lineHeight": 21,
                                        },
                                      ]
                                    }
                                  >
                                    Log in as Teacher...
                                  </Text>
                                </View>
                              </View>
                              <View>
                                <View
                                  accessible={true}
                                  collapsable={false}
                                  focusable={true}
                                  onBlur={[Function]}
                                  onClick={[Function]}
                                  onFocus={[Function]}
                                  onResponderGrant={[Function]}
                                  onResponderMove={[Function]}
                                  onResponderRelease={[Function]}
                                  onResponderTerminate={[Function]}
                                  onResponderTerminationRequest={[Function]}
                                  onStartShouldSetResponder={[Function]}
                                  style={
                                    Object {
                                      "alignSelf": "center",
                                      "marginTop": 10,
                                    }
                                  }
                                >
                                  <Text
                                    style={
                                      Object {
                                        "color": "black",
                                        "fontSize": 14,
                                      }
                                    }
                                  >
                                    Forgot Password?
                                  </Text>
                                </View>
                              </View>
                            </View>
                          </RCTScrollView>
                        </View>
                      </RCTSafeAreaView>
                    </View>
                  </View>
                </View>
              </View>
            </View>
          </View>
        </RNSScreen>
      </RNSScreenContainer>
    </View>
  </RNCSafeAreaProvider>
</View>
`;
